551
552
552
335 411 611 222
411 622 333 445
333 445 411 622
666
666
443

555
555
221
411 611 222 335
411 622 333 445
333 445 411 622
666
666
443

555
555
221
411 611 222 335
411 622 333 445
445 411 622 333
663
664
664

555
555
221
411 611 222 335
411 622 333 445
411 622 333 445
344
666
666

555
555
666
111 411 222 331
111 422 333 442
444 322 333 442
555
666
666

555
555
122
411 611 222 335
411 622 333 445
411 622 333 445
344
666
666

555
555
555
444 111 222 333
111 222 333 444
111 222 333 444
666
666
666

555
555
555
111 222 333 444
111 222 333 444
111 222 333 444
666
666
666

