455
114
114
221 331 443 655
221 331 443 655
551 333 666 544
662
662
222

113
114
114
221 332 644 555
221 332 644 555
551 332 633 444
662
662
665

111
111
111
222 333 444 555
222 333 444 555
555 222 333 444
666
666
666

111
111
111
222 333 444 555
222 333 444 555
222 333 444 555
666
666
666

