112
112
112
226 333 144 555
226 333 144 555
226 333 144 555
664
664
664

111
111
111
222 333 444 555
222 333 444 555
222 333 444 555
666
666
666

