414
414
414
121 333 646 555
121 333 646 555
121 333 646 555
262
262
262

411
411
411
122 333 446 555
122 333 446 555
122 333 446 555
266
266
266

111
111
111
222 333 444 555
222 333 444 555
222 333 444 555
666
666
666

